account_type;cnt
Personal;481997
Professional;482170
Business;482350
