id;latest_date;balance
1;2021-08-19;51909.75
2;2021-02-25;58346.67
3;2020-05-04;33709.88
4;2021-01-06;30160.09
5;2020-05-31;34593.07
6;2021-07-01;55611.34
7;2021-09-08;45952.44
8;2020-05-14;40101.59
9;2019-01-03;46625.15
10;2020-12-27;50807.19
11;2021-08-24;25039.38
12;2021-05-16;32998.33
13;2021-09-02;39822.72
14;2020-03-17;35763.46
15;2021-11-07;39481.77
16;2017-07-16;52134.41
17;2021-12-14;23278.49
18;2020-02-27;26161.98
19;2021-05-27;43046.29
20;2020-11-15;41532.67