id;first_name;last_name;age;country
1;Darcy;Phillips;24;YE
5;Rubie;Stewart;27;RO
6;Miley;Perry;27;ZA
8;Charlie;Harris;22;SR
19;Albert;Myers;24;BM
30;Deanna;Phillips;29;MT
33;Jacob;Andrews;21;CY
34;Chester;Adams;21;KW
35;Alen;Holmes;20;QA
36;Elian;Armstrong;21;GM
38;Alan;Reed;29;CY
42;Arthur;Carter;25;ML
44;Dominik;Cunningham;25;BB
52;Heather;Casey;25;DK
55;Kelsey;Lloyd;19;SG
57;Ted;Tucker;27;LK
64;Charlotte;Kelly;27;NE
72;Ted;Walker;28;CU
74;Walter;Spencer;25;CI
76;Wilson;Crawford;28;BZ