id;first_name;last_name;cnt
1;Darcy;Phillips;7
2;Amelia;Wright;7
3;Haris;Ellis;5
4;Tony;Hall;9
5;Rubie;Stewart;7
6;Miley;Perry;9
7;Marcus;Carter;9
8;Charlie;Harris;3
9;Honey;Rogers;4
10;Luke;Harris;7
11;Spike;Murphy;4
12;Vincent;Adams;8
13;James;Barnes;6
14;George;Bailey;6
15;Sienna;Holmes;4
16;Isabella;Elliott;7
17;Freddie;Martin;7
18;Kate;Wright;7
19;Albert;Myers;6
20;Connie;Wells;6