first_name;cnt
Amber;2683
Dominik;2679
John;2675
Blake;2666
Evelyn;2653