first_last_concat
Darcy Phillips
Amelia Wright
Haris Ellis
Tony Hall
Rubie Stewart
Miley Perry
Marcus Carter
Charlie Harris
Honey Rogers
Luke Harris
Spike Murphy
Vincent Adams
James Barnes
George Bailey
Sienna Holmes
Isabella Elliott
Freddie Martin
Kate Wright
Albert Myers
Connie Wells