id;avg_amount
1;3917.42
2;5587.63
4;2362.73
6;9486.71
7;5983.92
11;6823.35
12;4401.51
13;4798.55
15;-393.07
17;3081.1
19;1515.31
22;6567.93
23;5099.58
24;831.55
27;252.82
28;1462.7
30;7822.67
31;3900.71
32;3763.47
33;139.44