id;total_amount
339285;148502.4
178455;148197.68
397610;147267.45
1410;139774.59
339566;138264.7
218209;137970.1
221407;137952.37
89282;137629.68
80681;136713.67
381299;135703.51