first_name;last_name
Wilson;Mitchell
Wilson;Anderson
Wilson;Cameron
Wilson;Gray
Wilson;Barnes
Wilson;Williams
Wilson;Stewart
Wilson;Elliott
Wilson;Cole
Wilson;Tucker
Wilson;Ferguson
Wilson;Davis
Wilson;Higgins
Wilson;Perry
Wilson;Riley
Wilson;Edwards
Wilson;Richards
Wilson;Myers
Wilson;Johnson